============================================================
  Generated by:           Genus(TM) Synthesis Solution 21.19-s055_1
  Generated on:           Nov 21 2025  04:16:37 pm
  Module:                 fa1
  Operating conditions:   PVT_1P08V_125C (balanced_tree)
  Wireload mode:          enclosed
  Area mode:              timing library
============================================================

Timing
-------
  Cost    Critical         Violating 
 Group   Path Slack  TNS     Paths   
-------------------------------------
default    No paths   0.0            
-------------------------------------
Total                 0.0          0 

Instance Count
--------------
Leaf Instance Count             1 
Physical Instance count         0 
Sequential Instance Count       0 
Combinational Instance Count    1 
Hierarchical Instance Count     0 

Area
----
Cell Area                          5.130
Physical Cell Area                 0.000
Total Cell Area (Cell+Physical)    5.130
Net Area                           0.000
Total Area (Cell+Physical+Net)     5.130

Max Fanout                         1 (COUT)
Min Fanout                         1 (COUT)
Average Fanout                     1.0
Terms to net ratio                 1.0000
Terms to instance ratio            5.0000
Runtime                            16.999997 seconds
Elapsed Runtime                    23 seconds
Genus peak memory usage            1435.23 
Innovus peak memory usage          no_value 
Hostname                           pink
