============================================================
  Generated by:           Genus(TM) Synthesis Solution 21.19-s055_1
  Generated on:           Nov 20 2025  11:28:58 pm
  Module:                 ex4
  Operating conditions:   PVT_1P08V_125C (balanced_tree)
  Wireload mode:          enclosed
  Area mode:              timing library
============================================================

Timing
-------
  Cost    Critical         Violating 
 Group   Path Slack  TNS     Paths   
-------------------------------------
default    No paths   0.0            
-------------------------------------
Total                 0.0          0 

Instance Count
--------------
Leaf Instance Count             5 
Physical Instance count         0 
Sequential Instance Count       2 
Combinational Instance Count    3 
Hierarchical Instance Count     0 

Area
----
Cell Area                          15.390
Physical Cell Area                 0.000
Total Cell Area (Cell+Physical)    15.390
Net Area                           0.000
Total Area (Cell+Physical+Net)     15.390

Max Fanout                         3 (Q[0])
Min Fanout                         1 (n_0)
Average Fanout                     1.7
Terms to net ratio                 2.1429
Terms to instance ratio            3.0000
Runtime                            16.999997 seconds
Elapsed Runtime                    22 seconds
Genus peak memory usage            1439.34 
Innovus peak memory usage          no_value 
Hostname                           pink
