============================================================
  Generated by:           Genus(TM) Synthesis Solution 21.19-s055_1
  Generated on:           Nov 19 2025  09:09:04 am
  Module:                 ex2
  Operating conditions:   PVT_1P08V_125C (balanced_tree)
  Wireload mode:          enclosed
  Area mode:              timing library
============================================================

Timing
-------
  Cost    Critical         Violating 
 Group   Path Slack  TNS     Paths   
-------------------------------------
default    No paths   0.0            
-------------------------------------
Total                 0.0          0 

Instance Count
--------------
Leaf Instance Count             11 
Physical Instance count          0 
Sequential Instance Count        0 
Combinational Instance Count    11 
Hierarchical Instance Count      0 

Area
----
Cell Area                          20.520
Physical Cell Area                 0.000
Total Cell Area (Cell+Physical)    20.520
Net Area                           0.000
Total Area (Cell+Physical+Net)     20.520

Max Fanout                         3 (B[1])
Min Fanout                         1 (n_0)
Average Fanout                     1.8
Terms to net ratio                 2.2941
Terms to instance ratio            3.5455
Runtime                            15.999998 seconds
Elapsed Runtime                    21 seconds
Genus peak memory usage            1419.29 
Innovus peak memory usage          no_value 
Hostname                           pink
